  Set      Start        End    N  Share (%)  Mean range  Std range
Train 2009-10-29 2021-12-31 3030       75.8       48.70      49.56
 Test 2022-01-03 2025-11-25  969       24.2      173.92      92.57

Fitting all models on the main split (spec=main) ...
  HAR                fitted in    0.0s
  HAR-X              fitted in    0.0s
  LogHAR             fitted in    0.0s
  Linear Regression  fitted in    0.0s
  Ridge              fitted in    0.0s
  Lasso              fitted in    0.0s
  Elastic Net        fitted in    0.0s
  Huber              fitted in    0.0s
  Adaptive Lasso     fitted in    0.0s
  Bayesian Ridge     fitted in    0.0s
  Theil-Sen          fitted in    4.0s
  Decision Tree      fitted in    0.0s
  Random Forest      fitted in    0.6s
  Extra Trees        fitted in    0.3s
  Gradient Boosting  fitted in    1.2s
  XGBoost            fitted in    0.2s
  LightGBM           fitted in    0.1s
  CatBoost           fitted in    0.4s
  LSTM               fitted in  171.3s (10 seeds, best epochs [9, 8, 11, 9, 7, 9, 11, 17, 8, 7])

             Model      Category  N train  N test  k  Train R2  Train adj. R2  Train MAE  Train RMSE  Test R2  Test R2_OOS (vs HAR)  Test MAE  Test RMSE  Test MAPE  R2 gap (train - test)
              HAR   Econometric     3030     969  3    0.6742         0.6739    15.9243     28.2811   0.2428                0.0000   51.4318    80.5117    31.3464                 0.4314
            HAR-X   Econometric     3030     969 12    0.7148         0.7137    14.6979     26.4613   0.3417                0.1306   48.1606    75.0697    27.7145                 0.3731
           LogHAR   Econometric     3030     969  3    0.6714         0.6711    15.8516     28.4051   0.2580                0.0201   51.0323    79.7003    31.4394                 0.4134
Linear Regression        Linear     3030     969 12    0.7148         0.7137    14.6979     26.4613   0.3417                0.1306   48.1606    75.0697    27.7145                 0.3731
            Ridge        Linear     3030     969 12    0.7148         0.7137    14.6990     26.4614   0.3415                0.1303   48.1663    75.0842    27.7019                 0.3734
            Lasso        Linear     3030     969 12    0.7148         0.7137    14.6978     26.4613   0.3417                0.1306   48.1606    75.0704    27.7139                 0.3731
      Elastic Net        Linear     3030     969 12    0.7148         0.7137    14.6980     26.4613   0.3417                0.1306   48.1615    75.0722    27.7123                 0.3731
            Huber        Linear     3030     969 12    0.7043         0.7031    14.1969     26.9457   0.2822                0.0520   49.6184    78.3924    26.6022                 0.4221
   Adaptive Lasso        Linear     3030     969 12    0.7148         0.7137    14.6961     26.4614   0.3417                0.1306   48.1576    75.0694    27.7107                 0.3731
   Bayesian Ridge        Linear     3030     969 12    0.7148         0.7137    14.7002     26.4615   0.3412                0.1299   48.1720    75.0995    27.6891                 0.3736
        Theil-Sen        Linear     3030     969 12    0.7148         0.7136    14.6935     26.4632   0.3408                0.1294   48.1526    75.1203    27.6400                 0.3739
    Decision Tree          Tree     3030     969 12    0.7977         0.7969    12.4455     22.2891   0.0715               -0.2262   56.6444    89.1534    31.4718                 0.7261
    Random Forest          Tree     3030     969 12    0.8334         0.8328    10.9748     20.2220   0.1857               -0.0754   50.5299    83.4907    27.4198                 0.6477
      Extra Trees          Tree     3030     969 12    0.7868         0.7859    12.8244     22.8802   0.1097               -0.1758   52.4687    87.3029    27.6010                 0.6771
Gradient Boosting          Tree     3030     969 12    0.9383         0.9381     8.9440     12.3065   0.1001               -0.1885   55.4594    87.7735    30.3810                 0.8383
          XGBoost          Tree     3030     969 12    0.9737         0.9736     5.9498      8.0387   0.0237               -0.2894   56.4890    91.4216    30.3790                 0.9500
         LightGBM          Tree     3030     969 12    0.8850         0.8845    10.5977     16.8063   0.0870               -0.2058   55.6505    88.4073    30.4973                 0.7979
         CatBoost          Tree     3030     969 12    0.9014         0.9010    10.6959     15.5577   0.1206               -0.1614   53.8524    86.7677    28.8244                 0.7808
             LSTM Deep learning     3026     969 12    0.6933         0.6920    14.7740     27.4545  -0.0788               -0.4247   59.9146    96.1003    29.3979                 0.7720

LSTM across seeds
 Seed      R2     MAE     RMSE    MAPE  best epoch
  42 -0.0098 57.3412  92.9760 28.8195      9.0000
  43 -0.1480 62.4286  99.1339 30.3213      8.0000
  44 -0.0557 58.7072  95.0668 28.9886     11.0000
  45 -0.1427 62.0545  98.9079 30.0415      9.0000
  46 -0.0345 58.2396  94.1063 28.7701      7.0000
  47  0.0357 55.3053  90.8582 28.4676      9.0000
  48  0.0146 56.6970  91.8460 28.8694     11.0000
  49 -0.2655 69.6961 104.0835 34.3816     17.0000
  50 -0.3032 68.8470 105.6239 33.2329      8.0000
  51 -0.0327 57.8224  94.0243 28.5854      7.0000
mean -0.0942 60.7139  96.6627 30.0478      9.6000
 std  0.1169  5.0204   5.0886  2.0894      2.9515
 min -0.3032 55.3053  90.8582 28.4676      7.0000
 max  0.0357 69.6961 105.6239 34.3816     17.0000

Saved tables and predictions to results/.
